START=2026-09-08T14:39:06Z
v24.20.0
11.19.0
playwright=1.60.0
chromiumExecutable=/home/compute_01/.cache/ms-playwright/chromium-1223/chrome-linux64/chrome
 M AGENTS.md
 M ENGINEERING_SANDBOX.md
 M ableton-learning-music-play-with-basslines/index.html
 M ableton-learning-music-play-with-beats/index.html
 M ableton-learning-music-play-with-chords/index.html
 M ableton-learning-music-play-with-melodies/index.html
 M ableton-learning-music-play-with-notes-and-scales/index.html
 M ableton-learning-music-play-with-song-structures/index.html
 M ableton-learning-music-playground/css/playground-shell.css
 M ableton-learning-music-playground/index.html
 M ableton-learning-synths-filter-resonance/content/lessons/en/synthesis/lesson.json
 M ableton-learning-synths-filter-resonance/index.html
 M ableton-learning-synths-get-started/content/lessons/en/synthesis/lesson.json
 M ableton-learning-synths-get-started/index.html
 M ableton-learning-synths-how-synths-make-sound/content/lessons/en/synthesis/lesson.json
 M ableton-learning-synths-how-synths-make-sound/index.html
 M ableton-learning-synths-matching-envelopes/content/lessons/en/synthesis/lesson.json
 M ableton-learning-synths-matching-envelopes/index.html
 M ableton-learning-synths-modulating-amplitude-with-envelopes/content/lessons/en/synthesis/lesson.json
 M ableton-learning-synths-modulating-amplitude-with-envelopes/index.html
 M ableton-learning-synths-recipes/content/lessons/en/synthesis/lesson.json
 M ableton-learning-synths-recipes/index.html
 M airfoil/index.html
 M airfoil/js/base.js
 M alpha-compositing/index.html
 M alpha-compositing/js/base.js
 M anxiety/LICENSE.txt
 M anxiety/index.html
 M anxiety/scenes/act1.md
 M anxiety/scenes/act2.md
 M anxiety/scenes/act3.md
 M anxiety/scenes/act4.md
 M anxiety/scenes/credits.md
 M anxiety/scenes/intermission.md
 M anxiety/scenes/intro.md
 M anxiety/scripts/act1/Act1_Beebee.js
 M anxiety/scripts/act1/Act1_Hong.js
 M anxiety/scripts/act1/Act1_Outro_BG.js
 M anxiety/scripts/act1/Act1_SceneSetup.js
 M anxiety/scripts/act2/Act2_BG.js
 M anxiety/scripts/act2/Act2_Beebee.js
 M anxiety/scripts/act2/Act2_Hong.js
 M anxiety/scripts/act2/Act2_SceneSetup.js
 M anxiety/scripts/act3/Act3_BG.js
 M anxiety/scripts/act3/Act3_Beebee.js
 M anxiety/scripts/act3/Act3_Hong.js
 M anxiety/scripts/act3/Act3_SceneSetup.js
 M anxiety/scripts/act4/Act4_BG.js
 M anxiety/scripts/act4/Act4_Beebee.js
 M anxiety/scripts/act4/Act4_Hong.js
 M anxiety/scripts/act4/Act4_SceneSetup.js
 M anxiety/scripts/credits/Credits_BG.js
 M anxiety/scripts/credits/Credits_SceneSetup.js
 M anxiety/scripts/game/About.js
 M anxiety/scripts/game/BG_Anxiety.js
 M anxiety/scripts/game/Character.js
 M anxiety/scripts/game/ContentNotes.js
 M anxiety/scripts/game/HP.js
 M anxiety/scripts/game/Loader.js
 M anxiety/scripts/game/Options.js
 M anxiety/scripts/game/Sharing.js
 M anxiety/scripts/game/Sounds.js
 M anxiety/scripts/game/Sprite.js
 M anxiety/scripts/intermission/Intermission_BG.js
 M anxiety/scripts/intermission/Intermission_SceneSetup.js
 M anxiety/scripts/intro/Intro_BG.js
 M anxiety/scripts/intro/Intro_SceneSetup.js
 M anxiety/scripts/lib/createImageBitmap.js
 M anxiety/scripts/lib/helpers.js
 M anxiety/scripts/lib/howler.min.js
 M anxiety/scripts/lib/minpubsub.min.js
 M anxiety/scripts/lib/tickable_observer.js
 M anxiety/scripts/main.js
 M anxiety/sharing/index.html
 M anxiety/styles/game.css
 M ballot/LICENSE
 M ballot/README.md
 M ballot/css/index.css
 M ballot/index.html
 M ballot/js/index.js
 M ballot/play/ballot1.html
 M ballot/play/ballot2.html
 M ballot/play/ballot3.html
 M ballot/play/ballot4.html
 M ballot/play/css/ballot.css
 M ballot/play/css/election.css
 M ballot/play/css/model.css
 M ballot/play/css/sandbox.css
 M ballot/play/election1.html
 M ballot/play/election2.html
 M ballot/play/election3.html
 M ballot/play/election4.html
 M ballot/play/election5.html
 M ballot/play/js/Ballot.js
 M ballot/play/js/Buttons.js
 M ballot/play/js/Candidate.js
 M ballot/play/js/Draggable.js
 M ballot/play/js/Election.js
 M ballot/play/js/Loader.js
 M ballot/play/js/Model.js
 M ballot/play/js/Mouse.js
 M ballot/play/js/Voters.js
 M ballot/play/js/helpers.js
 M ballot/play/js/main_ballot.js
 M ballot/play/js/main_sandbox.js
 M ballot/play/js/minpubsub.js
 M ballot/play/model1.html
 M ballot/play/model2.html
 M ballot/play/model3.html
 M ballot/sandbox/index.html
 M ballot/sandbox/sandbox.html
 M ballot/splash/splash.html
 M ballot/splash/splash.js
 M bias-variance/index.html
 M bicycle/index.html
 M bicycle/js/base.js
 M blockchain-101-combined-flow/index.html
 M blockchain/block.html
 M blockchain/blockchain.html
 M blockchain/coinbase.html
 M blockchain/distributed.html
 M blockchain/hash.html
 M blockchain/index.html
 M blockchain/tokens.html
 M cameras-and-lenses/css/base.css
 M cameras-and-lenses/index.html
 M cameras-and-lenses/js/base.js
 M cameras-and-lenses/js/lenses.js
 M chrome-music-lab-song-maker/client/build/Main.js
 M chrome-music-lab-song-maker/index.html
 M color-spaces/css/base.css
 M color-spaces/index.html
 M color-spaces/js/base.js
 M color-spaces/js/color_spaces.js
 M coming-out-simulator-2014/.gitignore
 M coming-out-simulator-2014/README.md
 M coming-out-simulator-2014/UNLICENSE
 M coming-out-simulator-2014/css/game.css
 M coming-out-simulator-2014/index.html
 M coming-out-simulator-2014/js/config/art.js
 M coming-out-simulator-2014/js/config/characters.js
 M coming-out-simulator-2014/js/config/sounds.js
 M coming-out-simulator-2014/js/core/Choose.js
 M coming-out-simulator-2014/js/core/ChooseView.js
 M coming-out-simulator-2014/js/core/minsubpub.js
 M coming-out-simulator-2014/js/core/popup.js
 M coming-out-simulator-2014/js/core/q.js
 M coming-out-simulator-2014/js/core/soundjs-0.5.2.min.js
 M coming-out-simulator-2014/js/game/dinner_1.js
 M coming-out-simulator-2014/js/game/dinner_2.js
 M coming-out-simulator-2014/js/game/dinner_3.js
 M coming-out-simulator-2014/js/game/dinner_4.js
 M coming-out-simulator-2014/js/game/dinner_5.js
 M coming-out-simulator-2014/js/game/jack_1.js
 M coming-out-simulator-2014/js/game/jack_2.js
 M coming-out-simulator-2014/js/game/menu.js
 M coming-out-simulator-2014/js/game/outro.js
 M coming-out-simulator-2014/js/main.js
 M conditional-probability/index.html
 M covid-19/COPYING.txt
 M covid-19/README.md
 M covid-19/banners/splash.css
 M covid-19/banners/splash.html
 M covid-19/banners/splash.js
 M covid-19/css/index.css
 M covid-19/css/littlefoot.css
 M covid-19/index.html
 M covid-19/js/blerp.js
 M covid-19/js/littlefoot.js
 M covid-19/pics/no_text/README.md
 M covid-19/sim/css/simplebar.css
 M covid-19/sim/js/Controls.js
 M covid-19/sim/js/Model.js
 M covid-19/sim/js/Params.js
 M covid-19/sim/js/Stages.js
 M covid-19/sim/js/helpers.js
 M covid-19/sim/js/main.js
 M covid-19/sim/js/simplebar.min.js
 M covid-19/words/words.html
 M covid-19/words/words.md
 M crowds/LICENSE
 M crowds/README.md
 M crowds/css/index-fa.css
 M crowds/css/index.css
 M crowds/index.html
 M crowds/js/chapters/A_Preloader.js
 M crowds/js/chapters/B_Introduction.js
 M crowds/js/chapters/C_Networks.js
 M crowds/js/chapters/D_Simple_Contagion.js
 M crowds/js/chapters/E_Complex_Contagion.js
 M crowds/js/chapters/F_Bonding_And_Bridging.js
 M crowds/js/chapters/G_Small_World.js
 M crowds/js/chapters/G_Small_World_fa.js
 M crowds/js/chapters/H_Conclusion.js
 M crowds/js/chapters/I_Credits.js
 M crowds/js/chapters/J_Sandbox.js
 M crowds/js/lib/Key.js
 M crowds/js/lib/Mouse.js
 M crowds/js/lib/Sprite.js
 M crowds/js/lib/helpers.js
 M crowds/js/lib/howler.min.js
 M crowds/js/lib/inobounce.js
 M crowds/js/lib/minpubsub.src.js
 M crowds/js/main.js
 M crowds/js/sim/Connection.js
 M crowds/js/sim/ConnectorCutter.js
 M crowds/js/sim/Peep.js
 M crowds/js/sim/Simulations.js
 M crowds/js/slideshow/Boxes.js
 M crowds/js/slideshow/Modal.js
 M crowds/js/slideshow/Navigation.js
 M crowds/js/slideshow/Pencil.js
 M crowds/js/slideshow/Preloader.js
 M crowds/js/slideshow/SandboxUI.js
 M crowds/js/slideshow/Scratch.js
 M crowds/js/slideshow/SimUI.js
 M crowds/js/slideshow/Slideshow.js
 M crowds/js/slideshow/Translations.js
 M curves-and-surfaces/index.html
 M curves-and-surfaces/js/base.js
 M decision-tree/annotatedTree.53ab4bb5.js
 M decision-tree/index.html
 M decision-tree/js.0203594f.js
 M decision-tree/katex.min.aaa9b03f.css
 M decision-tree/katexCalls.5eeadbac.js
 M decision-tree/main.37eaf4da.css
 M docs/ableton-learning-music-play-with-basslines/parity.json
 M docs/ableton-learning-music-play-with-beats/parity.json
 M docs/ableton-learning-music-play-with-chords/parity.json
 M docs/ableton-learning-music-play-with-melodies/parity.json
 M docs/ableton-learning-music-play-with-notes-and-scales/parity.json
 M docs/ableton-learning-music-play-with-song-structures/parity.json
 M docs/ableton-learning-music-playground/parity.json
 M docs/ableton-learning-synths-filter-resonance/parity.json
 M docs/ableton-learning-synths-get-started/parity.json
 M docs/ableton-learning-synths-how-synths-make-sound/parity.json
 M docs/ableton-learning-synths-matching-envelopes/parity.json
 M docs/ableton-learning-synths-modulating-amplitude-with-envelopes/parity.json
 M docs/ableton-learning-synths-recipes/parity.json
 M docs/airfoil/parity.json
 M docs/alpha-compositing/parity.json
 M docs/anxiety/parity.json
 M docs/ballot/parity.json
 M docs/bias-variance/parity.json
 M docs/bicycle/parity.json
 M docs/blockchain-101-combined-flow/parity.json
 M docs/blockchain/parity.json
 M docs/cameras-and-lenses/parity.json
 M docs/chrome-music-lab-song-maker/parity.json
 M docs/color-spaces/parity.json
 M docs/coming-out-simulator-2014/parity.json
 M docs/conditional-probability/parity.json
 M docs/covid-19/parity.json
 M docs/crowds/parity.json
 M docs/curves-and-surfaces/parity.json
 M docs/decision-tree/parity.json
 M docs/double-descent/parity.json
 M docs/double-descent2/parity.json
 M docs/earth-and-sun/parity.json
 M docs/eigenvectors-and-eigenvalues/parity.json
 M docs/exponentiation/parity.json
 M docs/formula-1-racing/parity.json
 M docs/gears/parity.json
 M docs/gps/parity.json
 M docs/hysteresis-slack/parity.json
 M docs/image-kernels/parity.json
 M docs/interactive-mechanical-watch/parity.json
 M docs/internal-combustion-engine/parity.json
 M docs/lights-and-shadows/parity.json
 M docs/linear-regression/parity.json
 M docs/load-balancing/parity.json
 M docs/logistic-regression/parity.json
 M docs/loopy/parity.json
 M docs/markov-chains/parity.json
 M docs/mechanical-watch/parity.json
 M docs/memory-allocation/parity.json
 M docs/music-interactive-hub/parity.json
 M docs/musicmap/parity.json
 M docs/naval-architecture/parity.json
 M docs/neurons/parity.json
 M docs/ordinary-least-squares-regression/parity.json
 M docs/pi/parity.json
 M docs/polygons/parity.json
 M docs/polygons/translator/fonts/ostrich-sans.css
 M docs/polygons/translator/lib/FileSaver.js
 M docs/polygons/translator/lib/canvas-toBlob.js
 M docs/polygons/translator/translator.html
 M docs/precision-recall/parity.json
 M docs/primary-interactive-hub/parity.json
 M docs/principal-component-analysis/parity.json
 M docs/public-private-keys/parity.json
 M docs/random-forest/parity.json
 M docs/reading-qr-codes-without-a-computer/parity.json
 M docs/remember/parity.json
 M docs/rigid-body-collisions/parity.json
 M docs/roc-auc/parity.json
 M docs/sim/parity.json
 M docs/simulating/parity.json
 M docs/sine-and-cosine/parity.json
 M docs/sound/parity.json
 M docs/stargazing-dashboard/parity.json
 M docs/teoria-interval-ear-training/parity.json
 M docs/teoria-interval-identification-and-inversion/parity.json
 M docs/teoria-key-and-note-ear-training/parity.json
 M docs/teoria-note-ear-training/parity.json
 M docs/teoria-random-key-and-note-ear-training/parity.json
 M docs/teoria-scale-construction/parity.json
 M docs/tesseract/parity.json
 M docs/train-test-validation/parity.json
 M docs/trust/parity.json
 M docs/watch-mesh-explorer/parity.json
 M docs/wbwwb/parity.json
 M docs/zero-knowledge-proof-demo/parity.json
 M double-descent/index.html
 M double-descent/scrollCenter.9b85e06e.js
 M double-descent/scrollSide.ff79d116.js
 M double-descent/styles.758827dc.css
 M double-descent2/index.html
 M double-descent2/js.47ac2d4d.js
 M double-descent2/katex.min.3c2484b0.css
 M double-descent2/katexCalls.a524eba6.js
 M double-descent2/styles.d50a6b6f.css
 M earth-and-sun/index.html
 M earth-and-sun/js/base.js
 M eigenvectors-and-eigenvalues/index.html
 M ev/scripts/numeric.js
 M exponentiation/index.html
 M formula-1-racing/css/base.css
 M formula-1-racing/index.html
 M formula-1-racing/js/base.js
 M gears/index.html
 M gears/js/base.js
 M gps/index.html
 M gps/js/base.js
 M hysteresis-slack/build/bundle.js
 M hysteresis-slack/index.html
 M image-kernels/index.html
 M interactive-mechanical-watch/index.html
 M internal-combustion-engine/index.html
 M internal-combustion-engine/js/base.js
 M lights-and-shadows/index.html
 M lights-and-shadows/js/base.js
 M linear-regression/index.html
 M load-balancing/index.html
 M logistic-regression/index.html
 M loopy/LICENSE.txt
 M loopy/css/balloon.css
 M loopy/css/loopy.css
 M loopy/index.html
 M loopy/js/Dragger.js
 M loopy/js/Edge.js
 M loopy/js/Eraser.js
 M loopy/js/Ink.js
 M loopy/js/Key.js
 M loopy/js/Label.js
 M loopy/js/Labeller.js
 M loopy/js/Loopy.js
 M loopy/js/Modal.js
 M loopy/js/Model.js
 M loopy/js/Mouse.js
 M loopy/js/Node.js
 M loopy/js/PageUI.js
 M loopy/js/PlayControls.js
 M loopy/js/Sidebar.js
 M loopy/js/Toolbar.js
 M loopy/js/helpers.js
 M loopy/js/minpubsub.js
 M loopy/pages/gif.html
 M loopy/pages/howto.html
 M loopy/pages/page.css
 M markov-chains/index.html
 M mechanical-watch/index.html
 M memory-allocation/index.html
 M music-interactive-hub/index.html
 M musicmap/index.html
 M musicmap/main.css
 M naval-architecture/index.html
 M naval-architecture/js/base.js
 M naval-architecture/js/navarch.js
 M neurons/LICENSE
 M neurons/README.md
 M neurons/index.html
 M neurons/interactive.html
 M neurons/scripts/core/Connection.js
 M neurons/scripts/core/Controls.js
 M neurons/scripts/core/Flash.js
 M neurons/scripts/core/Interactive.js
 M neurons/scripts/core/Mouse.js
 M neurons/scripts/core/Narrator.js
 M neurons/scripts/core/Neuron.js
 M neurons/scripts/core/Play.js
 M neurons/scripts/core/Preloader.js
 M neurons/scripts/core/Sprite.js
 M neurons/scripts/libraries/minpubsub.js
 M neurons/scripts/libraries/promise.js
 M neurons/scripts/libraries/soundjs-NEXT.min.js
 M neurons/scripts/libraries/soundjs-NEXT_old.min.js
 M neurons/scripts/libraries/stats.min.js
 M neurons/scripts/main.js
 M neurons/scripts/narrator/1_hebb.js
 M neurons/scripts/narrator/2_antihebb.js
 M neurons/scripts/narrator/3_therapy.js
 M neurons/scripts/narrator/5_extra.js
 M neurons/scripts/scenes/Scene.js
 M neurons/scripts/scenes/Scene_Anxiety.js
 M neurons/scripts/scenes/Scene_Neurons.js
 M neurons/scripts/scenes/Scene_Story.js
 M neurons/styles/index.css
 M neurons/styles/interactive.css
 M ordinary-least-squares-regression/index.html
 M package.json
 M pages.json
 M pi/index.html
 M polygons/LICENSE.txt
 M polygons/README.md
 M polygons/css/index.css
 M polygons/index.html
 M polygons/js/Mouse.js
 M polygons/js/intro.js
 M polygons/play/automatic/automatic.css
 M polygons/play/automatic/automatic.html
 M polygons/play/automatic/automatic.js
 M polygons/play/automatic/automatic2.html
 M polygons/play/automatic/automatic3.html
 M polygons/play/automatic/automatic4.html
 M polygons/play/automatic/automatic_sandbox.html
 M polygons/play/automatic/automatic_start_segregated.js
 M polygons/play/automatic/doubleslider.css
 M polygons/play/automatic/doubleslider.js
 M polygons/play/automatic/doubleslider_test.html
 M polygons/play/intro/MouseBlah.js
 M polygons/play/intro/intro.html
 M polygons/play/intro/intro.js
 M polygons/play/lib/Mouse.js
 M polygons/play/manual/manual.css
 M polygons/play/manual/manual.html
 M polygons/play/manual/manual.js
 M polygons/play/manual/manual2.html
 M polygons/play/mini/mini.css
 M polygons/play/mini/mini.js
 M polygons/play/mini/mini_bias_1.html
 M polygons/play/mini/mini_bias_2.html
 M polygons/play/mini/mini_blah.js
 M polygons/play/mini/mini_bored.html
 M polygons/play/mini/mini_checkerboard.html
 M polygons/play/mini/mini_cooperate.html
 M polygons/play/mini/mini_ending.html
 M polygons/play/mini/mini_happy.html
 M polygons/play/mini/mini_intro.html
 M polygons/play/mini/mini_neighborhood.html
 M polygons/play/mini/mini_nonconform.html
 M polygons/play/mini/mini_unhappy.html
 M polygons/play/outro/MouseBlah.js
 M polygons/play/outro/outro.html
 M polygons/play/outro/outro.js
 M polygons/play/outro/popup.js
 M precision-recall/index.html
 M primary-interactive-hub/index.html
 M principal-component-analysis/index.html
 M public-private-keys/blockchain/index.html
 M public-private-keys/index.html
 M public-private-keys/keys/index.html
 M public-private-keys/signatures/index.html
 M public-private-keys/transaction/index.html
 M random-forest/index.html
 M random-forest/indexBarcode.c0641541.js
 M random-forest/indexRF.7579dc6d.js
 M random-forest/js.a8267221.js
 M random-forest/styles.0f8a2143.css
 M reading-qr-codes-without-a-computer/index.html
 M remember/LICENSE
 M remember/css/comic-ar.css
 M remember/css/comic-fa.css
 M remember/css/comic-hu.css
 M remember/css/comic-zh-Hans.css
 M remember/css/comic.css
 M remember/index.html
 M remember/js/comic.js
 M remember/js/howler.core.min.js
 M remember/js/minpubsub.src.js
 M remember/sims/calendar/calendar.css
 M remember/sims/calendar/calendar.js
 M remember/sims/calendar/index.html
 M remember/sims/downloads/FileSaver.js
 M remember/sims/downloads/all.css
 M remember/sims/downloads/all.html
 M remember/sims/downloads/download_all.js
 M remember/sims/downloads/jszip.js
 M remember/sims/ebbinghaus/ebbinghaus.css
 M remember/sims/ebbinghaus/ebbinghaus.js
 M remember/sims/ebbinghaus/index.html
 M remember/sims/fcard.css
 M remember/sims/helpers.js
 M remember/sims/leitner/index.html
 M remember/sims/leitner/leitner.css
 M remember/sims/leitner/leitner.js
 M remember/sims/multicard/index.html
 M remember/sims/multicard/multicard.css
 M remember/sims/multicard/multicard.js
 M remember/sims/singlecard/index.html
 M remember/sims/singlecard/singlecard.css
 M remember/sims/singlecard/singlecard.js
 M remember/sims/splash/Mouse.js
 M remember/sims/splash/index.html
 M remember/sims/splash/splash.js
 M remember/sims/type/index.html
 M remember/sims/type/type.css
 M remember/sims/type/type.js
 M rigid-body-collisions/index.html
 M roc-auc/index.html
 M routes.manifest.json
 M shared/ableton-learning-synths-musiclab.js
 M shared/engineering-sandbox.css
 M shared/engineering-sandbox.js
 M shared/public-footer.css
 M shared/public-footer.js
 M shared/site.css
 M shared/site.js
 M shared/teoria-a11y-labels.js
 M sim/LICENSE.txt
 M sim/index.html
 M sim/scripts/emoji/emojiTest.js
 M sim/scripts/emoji/platform.js
 M sim/scripts/engine/Actions.js
 M sim/scripts/engine/Agent.js
 M sim/scripts/engine/Editor.js
 M sim/scripts/engine/Graph.js
 M sim/scripts/engine/Grid.js
 M sim/scripts/engine/Load.js
 M sim/scripts/engine/Model.js
 M sim/scripts/engine/Save.js
 M sim/scripts/engine/Scroll.js
 M sim/scripts/engine/UI.js
 M sim/scripts/libraries/emojiFallback.js
 M sim/scripts/libraries/lz-string.min.js
 M sim/scripts/libraries/minpubsub.js
 M sim/scripts/libraries/perfect-scrollbar.min.js
 M sim/scripts/libraries/rAF.js
 M sim/scripts/libraries/reqwest.min.js
 M sim/styles/model.css
 M sim/styles/perfect-scrollbar.min.css
 M simulating/PUBLIC_DOMAIN
 M simulating/index.html
 M simulating/model/index.html
 M simulating/model/models/forest/0_growth.json
 M simulating/model/models/forest/1_fire.json
 M simulating/model/models/forest/2_firebreak.json
 M simulating/model/models/forest/3_plants.json
 M simulating/model/models/new.json
 M simulating/model/models/splash/intro.json
 M simulating/model/models/zoo/civil_war.json
 M simulating/model/models/zoo/schelling.json
 M simulating/model/models/zoo/sick.json
 M simulating/model/scripts/engine/Actions.js
 M simulating/model/scripts/engine/Agent.js
 M simulating/model/scripts/engine/Editor.js
 M simulating/model/scripts/engine/Graph.js
 M simulating/model/scripts/engine/Grid.js
 M simulating/model/scripts/engine/Load.js
 M simulating/model/scripts/engine/Model.js
 M simulating/model/scripts/engine/Save.js
 M simulating/model/scripts/engine/Scroll.js
 M simulating/model/scripts/engine/UI.js
 M simulating/model/scripts/libraries/emojiFallback.js
 M simulating/model/scripts/libraries/firebase.min.js
 M simulating/model/scripts/libraries/minpubsub.js
 M simulating/model/scripts/libraries/perfect-scrollbar.min.js
 M simulating/model/scripts/libraries/rAF.js
 M simulating/model/scripts/libraries/reqwest.min.js
 M simulating/model/styles/model.css
 M simulating/model/styles/perfect-scrollbar.min.css
 M simulating/original/index.html
 M simulating/scripts/emojiFallback.js
 M simulating/scripts/emojiTest.js
 M simulating/scripts/index.js
 M simulating/scripts/platform.js
 M simulating/styles/index.css
 M sine-and-cosine/index.html
 M sound/css/base.css
 M sound/index.html
 M sound/js/base.js
 M sound/js/sound.js
 M stargazing-dashboard/index.html
 M teoria-interval-ear-training/index.html
 M teoria-interval-ear-training/res/js/min_24/exe/ie.js
 M teoria-interval-ear-training/res/js/min_24/exe_babel/exe_babel_en_250614.js
 M teoria-interval-ear-training/res/js/min_24/musika/musika_260103.js
 M teoria-interval-identification-and-inversion/index.html
 M teoria-interval-identification-and-inversion/res/js/min_24/exe/ie.js
 M teoria-interval-identification-and-inversion/res/js/min_24/exe_babel/exe_babel_en_250614.js
 M teoria-interval-identification-and-inversion/res/js/min_24/musika/musika_260103.js
 M teoria-key-and-note-ear-training/index.html
 M teoria-key-and-note-ear-training/res/js/min_24/exe/ie.js
 M teoria-key-and-note-ear-training/res/js/min_24/exe_babel/exe_babel_en_250614.js
 M teoria-key-and-note-ear-training/res/js/min_24/musika/musika_260103.js
 M teoria-note-ear-training/index.html
 M teoria-note-ear-training/res/js/min_24/exe/ie.js
 M teoria-note-ear-training/res/js/min_24/exe_babel/exe_babel_en_250614.js
 M teoria-note-ear-training/res/js/min_24/musika/musika_260103.js
 M teoria-random-key-and-note-ear-training/index.html
 M teoria-random-key-and-note-ear-training/res/js/min_24/exe/ie.js
 M teoria-random-key-and-note-ear-training/res/js/min_24/exe_babel/exe_babel_en_250614.js
 M teoria-random-key-and-note-ear-training/res/js/min_24/musika/musika_260103.js
 M teoria-scale-construction/index.html
 M teoria-scale-construction/res/js/min_24/exe/ie.js
 M teoria-scale-construction/res/js/min_24/exe_babel/exe_babel_en_250614.js
 M teoria-scale-construction/res/js/min_24/musika/musika_260103.js
 M tesseract/index.html
 M tesseract/js/base.js
 M tools/check-public-surface.mjs
 M tools/smoke-bundle.mjs
 M tools/sync-route-metadata.mjs
 M tools/tests/manifest-validation.test.mjs
 M tools/tests/route-baseline.test.mjs
 M train-test-validation/index.html
 M train-test-validation/noun_Cat_18061.575745a8.svg
 M trust/LICENSE
 M trust/README.md
 M trust/assets/iterated/iterated_coin.json
 M trust/assets/iterated/iterated_machine.json
 M trust/assets/iterated/iterated_payoffs.json
 M trust/assets/iterated/iterated_peep.json
 M trust/assets/splash/connection.json
 M trust/assets/splash/splash_peep.json
 M trust/assets/tournament/connection_flower.json
 M trust/assets/tournament/tournament_peep.json
 M trust/css/balloon.css
 M trust/css/slides.css
 M trust/index.html
 M trust/js/core/Background.js
 M trust/js/core/Button.js
 M trust/js/core/ImageBox.js
 M trust/js/core/IncDecNumber.js
 M trust/js/core/Loader.js
 M trust/js/core/PayoffsUI.js
 M trust/js/core/Scratcher.js
 M trust/js/core/SlideSelect.js
 M trust/js/core/Slider.js
 M trust/js/core/Slideshow.js
 M trust/js/core/TextBox.js
 M trust/js/core/Words.js
 M trust/js/lib/helpers.js
 M trust/js/lib/howler.js
 M trust/js/lib/minpubsub.src.js
 M trust/js/lib/pegasus.js
 M trust/js/lib/pixi.min.js
 M trust/js/lib/q.js
 M trust/js/lib/sharing.js
 M trust/js/lib/tweenjs-0.6.2.min.js
 M trust/js/main.js
 M trust/js/sims/Iterated.js
 M trust/js/sims/PD.js
 M trust/js/sims/SandboxUI.js
 M trust/js/sims/Splash.js
 M trust/js/sims/Tournament.js
 M trust/js/slides/0_Slides_Intro.js
 M trust/js/slides/1_Slides_OneOff.js
 M trust/js/slides/2_Slides_Iterated.js
 M trust/js/slides/3_Slides_Tournament.js
 M trust/js/slides/4_Slides_Evolution.js
 M trust/js/slides/5_Slides_Distrust.js
 M trust/js/slides/6_Slides_Noise.js
 M trust/js/slides/7_Slides_Sandbox.js
 M trust/js/slides/8_Slides_Conclusion.js
 M trust/js/slides/9_Slides_Credits.js
 M trust/js/slides/X_Slides_Feetnotes.js
 M trust/notes/index.html
 M trust/notes/notes.css
 M trust/notes/notes.md
 M trust/peeps/index.html
 M trust/peeps/peeps.css
 M trust/words.html
 M watch-mesh-explorer/index.html
 M wbwwb/README.md
 M wbwwb/css/game.css
 M wbwwb/index.html
 M wbwwb/js/core/Game.js
 M wbwwb/js/core/Scene.js
 M wbwwb/js/core/SceneManager.js
 M wbwwb/js/game/AnimationProp.js
 M wbwwb/js/game/Blood.js
 M wbwwb/js/game/Camera.js
 M wbwwb/js/game/DeadBody.js
 M wbwwb/js/game/Director.js
 M wbwwb/js/game/Gore.js
 M wbwwb/js/game/Peep.js
 M wbwwb/js/game/ScreenShake.js
 M wbwwb/js/game/ScreenZoomOut.js
 M wbwwb/js/game/TV.js
 M wbwwb/js/game/World.js
 M wbwwb/js/lib/helpers.js
 M wbwwb/js/lib/howler.js
 M wbwwb/js/lib/pixi.min.js
 M wbwwb/js/lib/stats.min.js
 M wbwwb/js/lib/tweenjs-0.6.2.min.js
 M wbwwb/js/misc/Candlelight.js
 M wbwwb/js/misc/Cricket.js
 M wbwwb/js/misc/Cursor.js
 M wbwwb/js/misc/LoversWatching.js
 M wbwwb/js/peeps/AngryPeep.js
 M wbwwb/js/peeps/CrazyPeep.js
 M wbwwb/js/peeps/EvilHatPeep.js
 M wbwwb/js/peeps/HappyWeirdoPeep.js
 M wbwwb/js/peeps/HatPeep.js
 M wbwwb/js/peeps/HelpingAnim.js
 M wbwwb/js/peeps/LoverPeep.js
 M wbwwb/js/peeps/MurderPeep.js
 M wbwwb/js/peeps/NervousPeep.js
 M wbwwb/js/peeps/NormalPeep.js
 M wbwwb/js/peeps/PanicPeep.js
 M wbwwb/js/peeps/ProtestAnim.js
 M wbwwb/js/peeps/SnobbyPeep.js
 M wbwwb/js/scenes/Act_I.js
 M wbwwb/js/scenes/Act_II.js
 M wbwwb/js/scenes/Act_III.js
 M wbwwb/js/scenes/Scene_EndPrototype.js
 M wbwwb/js/scenes/Scene_Game.js
 M wbwwb/js/scenes/Scene_Meta.js
 M wbwwb/js/scenes/Scene_Post_Credits.js
 M wbwwb/js/scenes/Scene_Preloader.js
 M wbwwb/js/scenes/Scene_Quote.js
 M wbwwb/sprites/misc/candlelight.json
 M wbwwb/sprites/misc/cricket.json
 M wbwwb/sprites/misc/cursor.json
 M wbwwb/sprites/misc/lovers_watching.json
 M wbwwb/sprites/misc/preload_play.json
 M wbwwb/sprites/peeps/blood.json
 M wbwwb/sprites/peeps/blood_test.json
 M wbwwb/sprites/peeps/body.json
 M wbwwb/sprites/peeps/body_red.json
 M wbwwb/sprites/peeps/face.json
 M wbwwb/sprites/peeps/face_angry.json
 M wbwwb/sprites/peeps/face_murder.json
 M wbwwb/sprites/peeps/face_nervous.json
 M wbwwb/sprites/peeps/face_snobby.json
 M wbwwb/sprites/peeps/face_snobby_hmph.json
 M wbwwb/sprites/peeps/gore.json
 M wbwwb/sprites/peeps/gore_bodies.json
 M wbwwb/sprites/peeps/gun.json
 M wbwwb/sprites/peeps/hangry.json
 M wbwwb/sprites/peeps/happy_weirdo.json
 M wbwwb/sprites/peeps/hat.json
 M wbwwb/sprites/peeps/hatguy.json
 M wbwwb/sprites/peeps/helping.json
 M wbwwb/sprites/peeps/lovehat.json
 M wbwwb/sprites/peeps/lover_panic.json
 M wbwwb/sprites/peeps/lover_shirt.json
 M wbwwb/sprites/peeps/peace.json
 M wbwwb/sprites/peeps/weapon_axe.json
 M wbwwb/sprites/peeps/weapon_bat.json
 M wbwwb/sprites/peeps/weapon_gun.json
 M wbwwb/sprites/peeps/weapon_shotgun.json
 M wbwwb/sprites/postcredits/end_button.json
 M zero-knowledge-proof-demo/index.html
?? shared/prototype-visual.css
?? tools/experience-baseline.mjs
?? tools/experience-baselines.json
?? tools/tests/experience-baseline.test.mjs
?? tools/tests/route-html-sync.test.mjs
END=2026-09-08T14:39:07Z
