START=2026-09-08T14:39:38Z

> interactive-explanation@1.0.0 unit
> node --test "tools/tests/*.test.mjs"

✔ median selects the middle controlled run (1.317025ms)
✔ contrast ratio accepts opaque hex and rgb colors (6.414024ms)
✔ performance timing budgets use the larger of twenty percent or 250ms (1.297722ms)
✔ performance transfer budgets use the larger of twenty percent or 250KiB (0.401466ms)
✔ unsupported transfer evidence remains unsupported (4.646644ms)
✔ resource count uses its approved delta (0.294834ms)
✔ geometry evidence validates exact runtime and intrinsic dimensions (0.62666ms)
✔ experience baseline validates exact route, theme, and geometry evidence (3.170663ms)
✔ experience baseline merge replaces selected routes and preserves others (22.042429ms)
✔ experience baseline serialization is stable and newline terminated (3.471314ms)
✔ performance summaries retain an approved resource-count delta (5.685971ms)
✔ valid manifest syncs and writes pages.json (58.447135ms)
✔ docs scaffolding emits the release metadata and theme contract (56.490824ms)
✔ neutral route without referenceUrl is valid (69.397052ms)
✔ intent is preserved in pages.json (44.354203ms)
✔ learning metadata is optional and preserved in pages.json (40.912409ms)
✔ invalid learning object fails validation (36.070589ms)
✔ invalid learning difficulty fails validation (32.791691ms)
✔ invalid learning duration fails validation (35.978795ms)
✔ invalid learning order fails validation (28.480115ms)
✔ invalid learning prerequisites fail validation (33.776064ms)
✔ unknown learning prerequisite fails validation (60.677667ms)
✔ self learning prerequisite fails validation (35.546788ms)
✔ duplicate learning prerequisite fails validation (42.717162ms)
✔ missing intent fails validation (40.599463ms)
✔ invalid intent fails validation (31.915196ms)
✔ duplicate slug fails validation (37.888129ms)
✔ route slugs cannot escape the synchronization root (58.041498ms)
✔ missing title fails validation (31.167879ms)
✔ wrong docsUrl shape fails validation (30.443551ms)
✔ neutral route combined with referenceUrl fails validation (31.067039ms)
✔ non-absolute referenceUrl fails validation (30.943344ms)
✔ experience contracts are preserved in pages.json (32.658939ms)
✔ missing shell or experience contract fails validation (52.744345ms)
✔ navigation contracts enforce chapters and native controls (111.014753ms)
✔ chapters, continuation, theme roots, and deferred actions are validated (152.180729ms)
✔ unknown contract keys fail validation (184.390134ms)
✔ native control kind invariants fail validation (205.922209ms)
✔ trimmed selectors, known probes, URLs, and policy hosts are required (133.14102ms)
✔ chapter declarations are manifest-owned and load failures are observable (0.346005ms)
✔ exact production metadata passes the audit (104.422043ms)
✔ missing entry metadata fails the audit (82.518254ms)
✔ invalid docs robots policy fails the audit (52.028818ms)
✔ invalid docs social title fails the audit (43.124455ms)
✔ invalid docs social description fails the audit (45.875502ms)
✔ invalid docs social type fails the audit (44.776806ms)
✔ invalid docs theme initialization fails the audit (38.270901ms)
✔ invalid docs theme initialization order fails the audit (55.33025ms)
✔ loopback metadata fails the audit (52.654535ms)
✔ relative metadata fails the audit (54.256197ms)
✔ wrong production metadata fails the audit (48.038336ms)
✔ analytics tag in public HTML fails the audit (44.241595ms)
✔ tracked output file fails the audit (73.774158ms)
✔ tracked XCF file fails the audit (45.405457ms)
✔ tracked source map fails the audit (43.634256ms)
✔ source map directive in JS fails the audit (39.450765ms)
✔ source map directive in CSS fails the audit (39.017733ms)
✔ source map text inside a JavaScript string passes the audit (33.914073ms)
✔ source map directive after a control-header regex fails the audit (36.655759ms)
✔ source map directive inside a template expression fails the audit (38.713619ms)
✔ source map directive in shared assets fails the audit (39.875594ms)
✔ route-local copies of consolidated assets fail the audit (43.35966ms)
✔ nested route iframe missing a title fails the audit (35.453828ms)
✔ duplicate iframe titles within a nested route document fail the audit (36.159844ms)
✔ pages metadata exactly matches the generated route manifest (13.743501ms)
✔ all route experience assignments match the approved contract (1.223897ms)
✔ numbered Progress remains exclusive to the Music and Blockchain Guided Paths (0.763358ms)
✔ all route HTML files carry canonical Engineering Sandbox seams (38.251654ms)
✔ anxiety exposes its pre-start control and fits its fixed game stage at narrow widths (0.400715ms)
✔ sim emoji fallback resolves to its shipped font asset (0.304361ms)
✔ route "trust" has an index.html (0.162632ms)
✔ route "trust" satisfies the UI/UX baseline (0.69787ms)
✔ route "trust" has authoritative docs and parity metadata (1.053395ms)
✔ route "polygons" has an index.html (0.515407ms)
✔ route "polygons" satisfies the UI/UX baseline (0.59121ms)
✔ route "polygons" has authoritative docs and parity metadata (0.292636ms)
✔ route "ballot" has an index.html (0.081819ms)
✔ route "ballot" satisfies the UI/UX baseline (0.328545ms)
✔ route "ballot" has authoritative docs and parity metadata (0.214842ms)
✔ route "crowds" has an index.html (0.088016ms)
✔ route "crowds" satisfies the UI/UX baseline (0.335114ms)
✔ route "crowds" has authoritative docs and parity metadata (0.198816ms)
✔ route "loopy" has an index.html (1.175771ms)
✔ route "loopy" satisfies the UI/UX baseline (0.157464ms)
✔ route "loopy" has authoritative docs and parity metadata (0.188096ms)
✔ route "neurons" has an index.html (0.06313ms)
✔ route "neurons" satisfies the UI/UX baseline (0.083918ms)
✔ route "neurons" has authoritative docs and parity metadata (0.150639ms)
✔ route "remember" has an index.html (0.052264ms)
✔ route "remember" satisfies the UI/UX baseline (0.45637ms)
✔ route "remember" has authoritative docs and parity metadata (0.177879ms)
✔ route "anxiety" has an index.html (0.057831ms)
✔ route "anxiety" satisfies the UI/UX baseline (0.189073ms)
✔ route "anxiety" has authoritative docs and parity metadata (0.229066ms)
✔ route "wbwwb" has an index.html (0.061494ms)
✔ route "wbwwb" satisfies the UI/UX baseline (0.09323ms)
✔ route "wbwwb" has authoritative docs and parity metadata (0.177029ms)
✔ route "coming-out-simulator-2014" has an index.html (0.053155ms)
✔ route "coming-out-simulator-2014" satisfies the UI/UX baseline (0.200601ms)
✔ route "coming-out-simulator-2014" has authoritative docs and parity metadata (0.172879ms)
✔ route "covid-19" has an index.html (0.058713ms)
✔ route "covid-19" satisfies the UI/UX baseline (0.537593ms)
✔ route "covid-19" has authoritative docs and parity metadata (0.154771ms)
✔ route "simulating" has an index.html (0.044157ms)
✔ route "simulating" satisfies the UI/UX baseline (0.068207ms)
✔ route "simulating" has authoritative docs and parity metadata (0.13491ms)
✔ route "sim" has an index.html (0.049406ms)
✔ route "sim" satisfies the UI/UX baseline (0.169896ms)
✔ route "sim" has authoritative docs and parity metadata (0.147406ms)
✔ route "decision-tree" has an index.html (0.047805ms)
✔ route "decision-tree" satisfies the UI/UX baseline (0.202747ms)
✔ route "decision-tree" has authoritative docs and parity metadata (0.873212ms)
✔ route "random-forest" has an index.html (0.076531ms)
✔ route "random-forest" satisfies the UI/UX baseline (0.168002ms)
✔ route "random-forest" has authoritative docs and parity metadata (0.116142ms)
✔ route "conditional-probability" has an index.html (0.040116ms)
✔ route "conditional-probability" satisfies the UI/UX baseline (0.133479ms)
✔ route "conditional-probability" has authoritative docs and parity metadata (0.08308ms)
✔ route "markov-chains" has an index.html (0.036106ms)
✔ route "markov-chains" satisfies the UI/UX baseline (0.158268ms)
✔ route "markov-chains" has authoritative docs and parity metadata (0.076414ms)
✔ route "principal-component-analysis" has an index.html (0.039869ms)
✔ route "principal-component-analysis" satisfies the UI/UX baseline (0.174612ms)
✔ route "principal-component-analysis" has authoritative docs and parity metadata (0.08594ms)
✔ route "exponentiation" has an index.html (0.032215ms)
✔ route "exponentiation" satisfies the UI/UX baseline (0.131069ms)
✔ route "exponentiation" has authoritative docs and parity metadata (0.07277ms)
✔ route "pi" has an index.html (0.029628ms)
✔ route "pi" satisfies the UI/UX baseline (0.193689ms)
✔ route "pi" has authoritative docs and parity metadata (0.133833ms)
✔ route "sine-and-cosine" has an index.html (0.041675ms)
✔ route "sine-and-cosine" satisfies the UI/UX baseline (0.079124ms)
✔ route "sine-and-cosine" has authoritative docs and parity metadata (0.117648ms)
✔ route "eigenvectors-and-eigenvalues" has an index.html (0.042905ms)
✔ route "eigenvectors-and-eigenvalues" satisfies the UI/UX baseline (0.109004ms)
✔ route "eigenvectors-and-eigenvalues" has authoritative docs and parity metadata (0.107215ms)
✔ route "image-kernels" has an index.html (0.034958ms)
✔ route "image-kernels" satisfies the UI/UX baseline (0.090576ms)
✔ route "image-kernels" has authoritative docs and parity metadata (0.090683ms)
✔ route "ordinary-least-squares-regression" has an index.html (0.037477ms)
✔ route "ordinary-least-squares-regression" satisfies the UI/UX baseline (0.060957ms)
✔ route "ordinary-least-squares-regression" has authoritative docs and parity metadata (0.082743ms)
✔ route "blockchain" has an index.html (0.041989ms)
✔ route "blockchain" satisfies the UI/UX baseline (0.104276ms)
✔ route "blockchain" has authoritative docs and parity metadata (0.110275ms)
✔ route "public-private-keys" has an index.html (0.039334ms)
✔ route "public-private-keys" satisfies the UI/UX baseline (0.073851ms)
✔ route "public-private-keys" has authoritative docs and parity metadata (0.084083ms)
✔ route "zero-knowledge-proof-demo" has an index.html (0.047495ms)
✔ route "zero-knowledge-proof-demo" satisfies the UI/UX baseline (0.094671ms)
✔ route "zero-knowledge-proof-demo" has authoritative docs and parity metadata (0.102402ms)
✔ route "alpha-compositing" has an index.html (0.041332ms)
✔ route "alpha-compositing" satisfies the UI/UX baseline (0.350157ms)
✔ route "alpha-compositing" has authoritative docs and parity metadata (0.06568ms)
✔ route "color-spaces" has an index.html (0.025601ms)
✔ route "color-spaces" satisfies the UI/UX baseline (0.324838ms)
✔ route "color-spaces" has authoritative docs and parity metadata (0.096744ms)
✔ route "sound" has an index.html (0.033839ms)
✔ route "sound" satisfies the UI/UX baseline (0.342754ms)
✔ route "sound" has authoritative docs and parity metadata (0.083343ms)
✔ route "cameras-and-lenses" has an index.html (0.040729ms)
✔ route "cameras-and-lenses" satisfies the UI/UX baseline (0.27156ms)
✔ route "cameras-and-lenses" has authoritative docs and parity metadata (0.098266ms)
✔ route "lights-and-shadows" has an index.html (0.043694ms)
✔ route "lights-and-shadows" satisfies the UI/UX baseline (0.231627ms)
✔ route "lights-and-shadows" has authoritative docs and parity metadata (0.141357ms)
✔ route "tesseract" has an index.html (0.072787ms)
✔ route "tesseract" satisfies the UI/UX baseline (0.173635ms)
✔ route "tesseract" has authoritative docs and parity metadata (0.100749ms)
✔ route "gears" has an index.html (0.037408ms)
✔ route "gears" satisfies the UI/UX baseline (0.275441ms)
✔ route "gears" has authoritative docs and parity metadata (0.12016ms)
✔ route "gps" has an index.html (0.049905ms)
✔ route "gps" satisfies the UI/UX baseline (0.607349ms)
✔ route "gps" has authoritative docs and parity metadata (0.145139ms)
✔ route "earth-and-sun" has an index.html (0.064038ms)
✔ route "earth-and-sun" satisfies the UI/UX baseline (0.387051ms)
✔ route "earth-and-sun" has authoritative docs and parity metadata (0.122386ms)
✔ route "bicycle" has an index.html (0.051299ms)
✔ route "bicycle" satisfies the UI/UX baseline (0.867897ms)
✔ route "bicycle" has authoritative docs and parity metadata (0.366881ms)
✔ route "airfoil" has an index.html (0.064325ms)
✔ route "airfoil" satisfies the UI/UX baseline (1.164355ms)
✔ route "airfoil" has authoritative docs and parity metadata (0.19688ms)
✔ route "curves-and-surfaces" has an index.html (0.074601ms)
✔ route "curves-and-surfaces" satisfies the UI/UX baseline (0.564694ms)
✔ route "curves-and-surfaces" has authoritative docs and parity metadata (0.120636ms)
✔ route "internal-combustion-engine" has an index.html (0.046303ms)
✔ route "internal-combustion-engine" satisfies the UI/UX baseline (0.289673ms)
✔ route "internal-combustion-engine" has authoritative docs and parity metadata (0.093872ms)
✔ route "mechanical-watch" has an index.html (0.056391ms)
✔ route "mechanical-watch" satisfies the UI/UX baseline (0.586239ms)
✔ route "mechanical-watch" has authoritative docs and parity metadata (0.14712ms)
✔ route "naval-architecture" has an index.html (0.059351ms)
✔ route "naval-architecture" satisfies the UI/UX baseline (1.693415ms)
✔ route "naval-architecture" has authoritative docs and parity metadata (0.177469ms)
✔ route "formula-1-racing" has an index.html (0.050953ms)
✔ route "formula-1-racing" satisfies the UI/UX baseline (0.137469ms)
✔ route "formula-1-racing" has authoritative docs and parity metadata (0.121559ms)
✔ route "interactive-mechanical-watch" has an index.html (0.068096ms)
✔ route "interactive-mechanical-watch" satisfies the UI/UX baseline (0.73682ms)
✔ route "interactive-mechanical-watch" has authoritative docs and parity metadata (0.137224ms)
✔ route "reading-qr-codes-without-a-computer" has an index.html (0.081552ms)
✔ route "reading-qr-codes-without-a-computer" satisfies the UI/UX baseline (0.06888ms)
✔ route "reading-qr-codes-without-a-computer" has authoritative docs and parity metadata (0.087735ms)
✔ route "teoria-interval-ear-training" has an index.html (0.036359ms)
✔ route "teoria-interval-ear-training" satisfies the UI/UX baseline (0.089785ms)
✔ route "teoria-interval-ear-training" has authoritative docs and parity metadata (0.097342ms)
✔ route "teoria-note-ear-training" has an index.html (0.036009ms)
✔ route "teoria-note-ear-training" satisfies the UI/UX baseline (0.075698ms)
✔ route "teoria-note-ear-training" has authoritative docs and parity metadata (0.827207ms)
✔ route "teoria-key-and-note-ear-training" has an index.html (0.067887ms)
✔ route "teoria-key-and-note-ear-training" satisfies the UI/UX baseline (0.09178ms)
✔ route "teoria-key-and-note-ear-training" has authoritative docs and parity metadata (0.121604ms)
✔ route "teoria-random-key-and-note-ear-training" has an index.html (0.047393ms)
✔ route "teoria-random-key-and-note-ear-training" satisfies the UI/UX baseline (0.080302ms)
✔ route "teoria-random-key-and-note-ear-training" has authoritative docs and parity metadata (0.086689ms)
✔ route "teoria-scale-construction" has an index.html (0.040524ms)
✔ route "teoria-scale-construction" satisfies the UI/UX baseline (0.070594ms)
✔ route "teoria-scale-construction" has authoritative docs and parity metadata (0.090874ms)
✔ route "teoria-interval-identification-and-inversion" has an index.html (0.039423ms)
✔ route "teoria-interval-identification-and-inversion" satisfies the UI/UX baseline (0.070686ms)
✔ route "teoria-interval-identification-and-inversion" has authoritative docs and parity metadata (0.079435ms)
✔ route "ableton-learning-music-playground" has an index.html (0.034549ms)
✔ route "ableton-learning-music-playground" satisfies the UI/UX baseline (0.160452ms)
✔ route "ableton-learning-music-playground" has authoritative docs and parity metadata (0.10536ms)
✔ route "ableton-learning-music-play-with-beats" has an index.html (0.047059ms)
✔ route "ableton-learning-music-play-with-beats" satisfies the UI/UX baseline (0.103364ms)
✔ route "ableton-learning-music-play-with-beats" has authoritative docs and parity metadata (0.11353ms)
✔ route "ableton-learning-music-play-with-notes-and-scales" has an index.html (0.049465ms)
✔ route "ableton-learning-music-play-with-notes-and-scales" satisfies the UI/UX baseline (0.133716ms)
✔ route "ableton-learning-music-play-with-notes-and-scales" has authoritative docs and parity metadata (0.088106ms)
✔ route "ableton-learning-music-play-with-chords" has an index.html (0.041558ms)
✔ route "ableton-learning-music-play-with-chords" satisfies the UI/UX baseline (0.129477ms)
✔ route "ableton-learning-music-play-with-chords" has authoritative docs and parity metadata (0.099753ms)
✔ route "ableton-learning-music-play-with-basslines" has an index.html (0.064479ms)
✔ route "ableton-learning-music-play-with-basslines" satisfies the UI/UX baseline (0.139867ms)
✔ route "ableton-learning-music-play-with-basslines" has authoritative docs and parity metadata (0.100585ms)
✔ route "ableton-learning-music-play-with-melodies" has an index.html (0.046433ms)
✔ route "ableton-learning-music-play-with-melodies" satisfies the UI/UX baseline (0.262325ms)
✔ route "ableton-learning-music-play-with-melodies" has authoritative docs and parity metadata (0.102025ms)
✔ route "ableton-learning-music-play-with-song-structures" has an index.html (0.039101ms)
✔ route "ableton-learning-music-play-with-song-structures" satisfies the UI/UX baseline (0.084878ms)
✔ route "ableton-learning-music-play-with-song-structures" has authoritative docs and parity metadata (0.086977ms)
✔ route "ableton-learning-synths-get-started" has an index.html (0.038894ms)
✔ route "ableton-learning-synths-get-started" satisfies the UI/UX baseline (0.071508ms)
✔ route "ableton-learning-synths-get-started" has authoritative docs and parity metadata (0.077924ms)
✔ route "ableton-learning-synths-how-synths-make-sound" has an index.html (0.038537ms)
✔ route "ableton-learning-synths-how-synths-make-sound" satisfies the UI/UX baseline (0.083171ms)
✔ route "ableton-learning-synths-how-synths-make-sound" has authoritative docs and parity metadata (0.084373ms)
✔ route "ableton-learning-synths-filter-resonance" has an index.html (0.041351ms)
✔ route "ableton-learning-synths-filter-resonance" satisfies the UI/UX baseline (0.072788ms)
✔ route "ableton-learning-synths-filter-resonance" has authoritative docs and parity metadata (0.073494ms)
✔ route "ableton-learning-synths-modulating-amplitude-with-envelopes" has an index.html (0.034779ms)
✔ route "ableton-learning-synths-modulating-amplitude-with-envelopes" satisfies the UI/UX baseline (0.060217ms)
✔ route "ableton-learning-synths-modulating-amplitude-with-envelopes" has authoritative docs and parity metadata (0.093933ms)
✔ route "ableton-learning-synths-matching-envelopes" has an index.html (0.037005ms)
✔ route "ableton-learning-synths-matching-envelopes" satisfies the UI/UX baseline (0.072125ms)
✔ route "ableton-learning-synths-matching-envelopes" has authoritative docs and parity metadata (0.084879ms)
✔ route "ableton-learning-synths-recipes" has an index.html (0.032307ms)
✔ route "ableton-learning-synths-recipes" satisfies the UI/UX baseline (0.068249ms)
✔ route "ableton-learning-synths-recipes" has authoritative docs and parity metadata (0.0954ms)
✔ route "chrome-music-lab-song-maker" has an index.html (0.044248ms)
✔ route "chrome-music-lab-song-maker" satisfies the UI/UX baseline (0.1572ms)
✔ route "chrome-music-lab-song-maker" has authoritative docs and parity metadata (0.081485ms)
✔ route "musicmap" has an index.html (0.056313ms)
✔ route "musicmap" satisfies the UI/UX baseline (1.294622ms)
✔ route "musicmap" has authoritative docs and parity metadata (0.14469ms)
✔ route "music-interactive-hub" has an index.html (0.044189ms)
✔ route "music-interactive-hub" satisfies the UI/UX baseline (0.172434ms)
✔ route "music-interactive-hub" has authoritative docs and parity metadata (0.095381ms)
✔ route "linear-regression" has an index.html (0.036709ms)
✔ route "linear-regression" satisfies the UI/UX baseline (0.05736ms)
✔ route "linear-regression" has authoritative docs and parity metadata (0.078707ms)
✔ route "logistic-regression" has an index.html (0.032543ms)
✔ route "logistic-regression" satisfies the UI/UX baseline (0.056509ms)
✔ route "logistic-regression" has authoritative docs and parity metadata (0.072872ms)
✔ route "precision-recall" has an index.html (0.033079ms)
✔ route "precision-recall" satisfies the UI/UX baseline (0.055652ms)
✔ route "precision-recall" has authoritative docs and parity metadata (0.076194ms)
✔ route "roc-auc" has an index.html (0.025768ms)
✔ route "roc-auc" satisfies the UI/UX baseline (0.045582ms)
✔ route "roc-auc" has authoritative docs and parity metadata (0.063208ms)
✔ route "bias-variance" has an index.html (0.02737ms)
✔ route "bias-variance" satisfies the UI/UX baseline (1.590047ms)
✔ route "bias-variance" has authoritative docs and parity metadata (0.11765ms)
✔ route "train-test-validation" has an index.html (0.033233ms)
✔ route "train-test-validation" satisfies the UI/UX baseline (0.087754ms)
✔ route "train-test-validation" has authoritative docs and parity metadata (0.054924ms)
✔ route "double-descent" has an index.html (0.020872ms)
✔ route "double-descent" satisfies the UI/UX baseline (0.080687ms)
✔ route "double-descent" has authoritative docs and parity metadata (0.055365ms)
✔ route "double-descent2" has an index.html (0.021921ms)
✔ route "double-descent2" satisfies the UI/UX baseline (0.108392ms)
✔ route "double-descent2" has authoritative docs and parity metadata (0.047885ms)
✔ route "memory-allocation" has an index.html (0.02212ms)
✔ route "memory-allocation" satisfies the UI/UX baseline (0.139986ms)
✔ route "memory-allocation" has authoritative docs and parity metadata (0.057083ms)
✔ route "load-balancing" has an index.html (0.021962ms)
✔ route "load-balancing" satisfies the UI/UX baseline (0.127822ms)
✔ route "load-balancing" has authoritative docs and parity metadata (0.110576ms)
✔ route "hysteresis-slack" has an index.html (0.039234ms)
✔ route "hysteresis-slack" satisfies the UI/UX baseline (0.105322ms)
✔ route "hysteresis-slack" has authoritative docs and parity metadata (0.275939ms)
✔ route "rigid-body-collisions" has an index.html (0.03957ms)
✔ route "rigid-body-collisions" satisfies the UI/UX baseline (1.439269ms)
✔ route "rigid-body-collisions" has authoritative docs and parity metadata (0.157496ms)
✔ route "blockchain-101-combined-flow" has an index.html (0.03706ms)
✔ route "blockchain-101-combined-flow" satisfies the UI/UX baseline (0.077813ms)
✔ route "blockchain-101-combined-flow" has authoritative docs and parity metadata (0.080623ms)
✔ route "primary-interactive-hub" has an index.html (0.03592ms)
✔ route "primary-interactive-hub" satisfies the UI/UX baseline (0.065032ms)
✔ route "primary-interactive-hub" has authoritative docs and parity metadata (0.062567ms)
✔ route "stargazing-dashboard" has an index.html (0.032536ms)
✔ route "stargazing-dashboard" satisfies the UI/UX baseline (0.132327ms)
✔ route "stargazing-dashboard" has authoritative docs and parity metadata (0.163443ms)
✔ route "watch-mesh-explorer" has an index.html (0.037203ms)
✔ route "watch-mesh-explorer" satisfies the UI/UX baseline (0.07651ms)
✔ route "watch-mesh-explorer" has authoritative docs and parity metadata (0.197615ms)
✔ classifySiteFamily maps known hosts to site keys (1.265112ms)
✔ classifySiteFamily strips www and ignores path (0.194816ms)
✔ classifySiteFamily folds smaller families into independent-labs (0.299307ms)
✔ classifySiteFamily treats hubs, neutral, and missing url as local-hubs (0.180141ms)
✔ classifySmokeFamily maps reference urls to smoke keys (0.723295ms)
✔ classifySmokeFamily defaults to custom for hubs and unknowns (0.200546ms)
✔ classifySmokeGroups adds the music group for music families (1.013697ms)
✔ classifySmokeGroups leaves non-music families single-group (0.570852ms)
✔ getReferenceHost is robust to malformed urls (0.80258ms)
✔ synchronizer canonicalizes one-line routes with base-aware shared seams (106.34841ms)
✔ synchronizer ignores tag text in comments and raw script or style bodies (54.373794ms)
✔ synchronizer accepts target-only bases and omitted closing document tags (44.804801ms)
✔ synchronizer preserves existing sandbox runtime positions in head and body (79.042309ms)
✔ synchronizer adds dedicated parity evidence without changing existing modules (84.026629ms)
✔ synchronizer rejects malformed parity before writing routes or pages metadata (90.022499ms)
✔ synchronizer rejects invalid seams before writing routes or pages metadata (154.532668ms)
✔ serves index.html at the mount path (52.768986ms)
✔ redirects root to the mount path (15.606354ms)
✔ 404s paths outside the mount path (6.916986ms)
✔ blocks path traversal above the root (12.383814ms)
✔ serves nested route files with the right content type (11.775714ms)
✔ content-type table covers common static assets (0.414047ms)
✔ julianDate: J2000 epoch maps to JD 2451545.0 (1.187393ms)
✔ julianDate: one day later advances JD by exactly 1.0 (0.219279ms)
✔ gmstHours: matches Meeus reference 18.697374558h at J2000 (0.186628ms)
✔ gmstHours: result is normalized into [0, 24) (0.124729ms)
✔ lstHours: longitude 0 equals GMST (0.157602ms)
✔ lstHours: +15 deg longitude advances LST by 1 hour (0.147986ms)
✔ equatorialToHorizontal: object at observer zenith has alt ~90 (2.494437ms)
✔ equatorialToHorizontal: celestial pole altitude equals latitude (0.256966ms)
✔ equatorialToHorizontal: azimuth stays within [0, 360) (0.215708ms)
✔ sunPosition: RA close to 18.75h at J2000 (0.365826ms)
✔ sunPosition: declination close to -23.03 deg at J2000 (0.145249ms)
✔ moonPosition: RA within 1.5 deg of reference (0.349979ms)
✔ moonPosition: declination within 1.5 deg of reference (0.231716ms)
✔ moonPosition: phaseFraction in [0,1] and within 0.05 of reference (0.160971ms)
✔ planetPosition: Venus RA within 1 deg of reference (3.01048ms)
✔ planetPosition: Venus declination within 1 deg of reference (0.24857ms)
✔ getState returns a defensive clone when callers mutate the snapshot (4.932479ms)
✔ setState shallow-merges object top-level keys and replaces primitives (1.432005ms)
✔ setState clamps constrained numeric fields (2.309476ms)
✔ subscribe notifies once per commit and unsubscribe removes cleanly (3.935486ms)
✔ one subscriber exception does not block later subscribers and is reported (5.78937ms)
✔ advanceTime is pure and tick commits only while playing (4.413835ms)
ℹ tests 363
ℹ suites 0
ℹ pass 363
ℹ fail 0
ℹ cancelled 0
ℹ skipped 0
ℹ todo 0
ℹ duration_ms 1822.338896
END=2026-09-08T14:39:40Z
EXIT=0
ELAPSED_SECONDS=2
TIMEOUT_SECONDS=120
